[1A[2K[2m[WebServer] [22m(node:11652) [DEP0066] DeprecationWarning: OutgoingMessage.prototype._headers is deprecated
[2m[WebServer] [22m(Use `node --trace-deprecation ...` to show where the warning was created)


Running 32 tests using 1 worker, shard 1 of 2

[1A[2K[1/32] [local] › tests/e2e/profil-entete-passions.spec.js:86:1 › ① la couverture s'arrête juste AU-DESSUS du pseudo
[1A[2K[2/32] [local] › tests/e2e/profil-entete-passions.spec.js:97:1 › ① bis — l'avatar tient ENTIÈREMENT sur la couverture
[1A[2K[3/32] [local] › tests/e2e/profil-entete-passions.spec.js:112:1 › ② la photo de profil est nettement plus grande qu'avant (90 px)
[1A[2K[4/32] [local] › tests/e2e/profil-entete-passions.spec.js:120:1 › ① ter — la carte d'identité reste sous les deux tiers de l'écran
[1A[2K[5/32] [local] › tests/e2e/profil-entete-passions.spec.js:162:1 › ③ aucune ligne de passions sous le pseudo — les bulles du rail les portent
[1A[2K[6/32] [local] › tests/e2e/profil-entete-passions.spec.js:196:1 › ③ bis bis — la porte d'ajout a quitté le rail pour « Gérer mes passions »
[1A[2K[7/32] [local] › tests/e2e/profil-entete-passions.spec.js:262:1 › ③ bis bis bis — sous le plafond, la porte d'ajout invite et reste armée
[1A[2K[8/32] [local] › tests/e2e/profil-entete-passions.spec.js:299:1 › ③ bis ter — la chaîne complète : crayon → « Gérer mes passions » → la bulle
[1A[2K[9/32] [local] › tests/e2e/profil-entete-passions.spec.js:346:1 › ③ bis quinquies — au plafond, la fenêtre ne renvoie pas au panneau d'où l'on vient
[1A[2K[10/32] [local] › tests/e2e/profil-entete-passions.spec.js:405:1 › ③ bis quater — la porte survit à deux rendus du panneau
[1A[2K[11/32] [local] › tests/e2e/profil-entete-passions.spec.js:432:1 › ③ bis — toucher une bulle FILTRE, elle ne quitte plus le profil
[1A[2K[12/32] [local] › tests/e2e/profil-entete-passions.spec.js:533:1 › ③ ter — une bulle reste une cible tactile confortable
[1A[2K[13/32] [local] › tests/e2e/profil-entete-passions.spec.js:542:1 › ③ quater — six passions : la rangée COULISSE, elle ne se comprime pas
[1A[2K[14/32] [local] › tests/e2e/profil-entete-passions.spec.js:578:1 › ③ quater bis — DIX passions : les bulles gardent leur taille et leur nom
[1A[2K[15/32] [local] › tests/e2e/profil-entete-passions.spec.js:620:3 › ③ nonies — 320 px, 3 passions : la porte d'ajout est peinte dans « Gérer mes passions »
[1A[2K[16/32] [local] › tests/e2e/profil-entete-passions.spec.js:620:3 › ③ nonies — 320 px, 10 passions : la porte d'ajout est peinte dans « Gérer mes passions »
[1A[2K[17/32] [local] › tests/e2e/profil-entete-passions.spec.js:620:3 › ③ nonies — 390 px, 10 passions : la porte d'ajout est peinte dans « Gérer mes passions »
[1A[2K[18/32] [local] › tests/e2e/profil-entete-passions.spec.js:655:1 › ③ quater ter — le rail défile, et sa position survit au choix d'une passion
[1A[2K[19/32] [local] › tests/e2e/profil-entete-passions.spec.js:740:1 › ③ decies — trois passions : la rangée est CENTRÉE, elle ne colle plus à gauche
[1A[2K[20/32] [local] › tests/e2e/profil-entete-passions.spec.js:754:1 › ③ decies bis — DIX passions : la rangée déborde, et la PREMIÈRE bulle reste atteignable
[1A[2K[21/32] [local] › tests/e2e/profil-entete-passions.spec.js:773:1 › ③ decies ter — une SEULE passion se centre aussi
[1A[2K[22/32] [local] › tests/e2e/profil-entete-passions.spec.js:787:1 › ③ decies quater — le Fil se centre AUSSI, le profil visité garde son alignement
[1A[2K[23/32] [local] › tests/e2e/profil-entete-passions.spec.js:869:1 › ③ decies quinquies — QUATRE bulles (Suivis + 3 passions) : la rangée est centrée
[1A[2K[24/32] [local] › tests/e2e/profil-entete-passions.spec.js:879:1 › ③ decies sexies — au-delà, le Fil déborde et sa PREMIÈRE bulle reste atteignable
[1A[2K[25/32] [local] › tests/e2e/profil-entete-passions.spec.js:900:1 › ③ quinquies — une passion ARCHIVÉE ne réapparaît pas dans le rail
[1A[2K[26/32] [local] › tests/e2e/profil-entete-passions.spec.js:940:1 › ③ sexies — un profil visité suit la même règle : une seule rangée, en bulles
[1A[2K[27/32] [local] › tests/e2e/profil-entete-passions.spec.js:957:1 › ③ septies — le RETOUR de la page de passion reste servi (chemin dormant)
[1A[2K[28/32] [local] › tests/e2e/profil-entete-passions.spec.js:983:1 › ③ octies — ouverte depuis un ÉCRAN, la page de passion n'invente pas de retour
[1A[2K[29/32] [local] › tests/e2e/profil-entete-passions.spec.js:998:1 › une carte de publication ne nomme la passion QU'UNE FOIS
[1A[2K[30/32] [local] › tests/e2e/profil-entete-passions.spec.js:1041:1 › ④ — le compteur « passions » compte les vivantes ET les archivées
[1A[2K[31/32] [local] › tests/e2e/profil-entete-passions.spec.js:1064:1 › ④ bis — le profil de remplissage n'est compté nulle part
[1A[2K[32/32] [local] › tests/e2e/profil-entete-passions.spec.js:1081:1 › ④ ter — il est ENTRE « abonnés » et « abonnements », et il ouvre la page
[1A[2K  Slow test file: [local] › tests/e2e/profil-entete-passions.spec.js (8.9m)
  Consider running tests from slow files in parallel. See: https://playwright.dev/docs/test-parallel
  32 passed (8.9m)
EXIT=0
