[1A[2K[2m[WebServer] [22m(node:31002) [DEP0066] DeprecationWarning: OutgoingMessage.prototype._headers is deprecated
[2m[WebServer] [22m(Use `node --trace-deprecation ...` to show where the warning was created)


Running 38 tests using 1 worker, shard 1 of 2

[1A[2K[1/38] [local] › tests/e2e/passions-plates.spec.js:67:3 › le référentiel › ① les 19 identifiants historiques sont conservés
[1A[2K[2/38] [local] › tests/e2e/passions-plates.spec.js:78:3 › le référentiel › ② aucun doublon après normalisation, ni entre libellés ni avec les alias
[1A[2K[3/38] [local] › tests/e2e/passions-plates.spec.js:96:3 › le référentiel › ③ aucun univers, aucune spécialité : un seul niveau
[1A[2K[4/38] [local] › tests/e2e/passions-plates.spec.js:108:3 › le référentiel › ④ chaque relation pointe vers une passion qui existe
[1A[2K[5/38] [local] › tests/e2e/passions-plates.spec.js:121:3 › la recherche › ⑤ le référentiel n'est PAS chargé au démarrage
[1A[2K[6/38] [local] › tests/e2e/passions-plates.spec.js:137:3 › la recherche › ⑥ bis — le classement ne dépend PAS de la réponse du serveur
[1A[2K[7/38] [local] › tests/e2e/passions-plates.spec.js:161:3 › la recherche › ⑥ correspondance exacte, alias, sans accent, approximative
[1A[2K[8/38] [local] › tests/e2e/passions-plates.spec.js:181:3 › la recherche › ⑦ les résultats sont plafonnés, et une frappe absurde ne rend rien
[1A[2K  1) [local] › tests/e2e/passions-plates.spec.js:181:3 › la recherche › ⑦ les résultats sont plafonnés, et une frappe absurde ne rend rien 

    Error: page.goto: Target page, context or browser has been closed
    Call log:
    [2m  - navigating to "http://127.0.0.1:8110/index.html?passio_preview=flat-passions-v1", waiting until "load"[22m


       at app-helper.js:121

      119 |     }
      120 |   }, [GATE_KEY, GATE_TOKEN, opts.state || onboardedState(nProfiles)]);
    > 121 |   await page.goto("/index.html" + (opts.query || ""));
          |              ^
      122 |   await page.waitForFunction(() => {
      123 |     const el = document.getElementById("screen-feed");
      124 |     return el && el.classList.contains("active");
        at bootOnboarded (/home/user/passio-app/tests/e2e/app-helper.js:121:14)
        at /home/user/passio-app/tests/e2e/passions-plates.spec.js:182:5

    Error Context: test-results/passions-plates-la-recherc-c8c8a-frappe-absurde-ne-rend-rien-local/error-context.md


[1A[2K[9/38] [local] › tests/e2e/passions-plates.spec.js:192:3 › la recherche › ⑧ « Enduro » se choisit SANS passer par « Moto »
[1A[2K  2) [local] › tests/e2e/passions-plates.spec.js:192:3 › la recherche › ⑧ « Enduro » se choisit SANS passer par « Moto » 

    Error: page.goto: Target page, context or browser has been closed
    Call log:
    [2m  - navigating to "http://127.0.0.1:8110/index.html?passio_preview=flat-passions-v1", waiting until "load"[22m


       at app-helper.js:121

      119 |     }
      120 |   }, [GATE_KEY, GATE_TOKEN, opts.state || onboardedState(nProfiles)]);
    > 121 |   await page.goto("/index.html" + (opts.query || ""));
          |              ^
      122 |   await page.waitForFunction(() => {
      123 |     const el = document.getElementById("screen-feed");
      124 |     return el && el.classList.contains("active");
        at bootOnboarded (/home/user/passio-app/tests/e2e/app-helper.js:121:14)
        at /home/user/passio-app/tests/e2e/passions-plates.spec.js:195:5

    Error Context: test-results/passions-plates-la-recherc-0e6ee-it-SANS-passer-par-«-Moto-»-local/error-context.md


[1A[2K[10/38] [local] › tests/e2e/passions-plates.spec.js:207:3 › la recherche › ⑨ multi-sélection dans « Mes passions », et le fil la reçoit
[1A[2K[11/38] [local] › tests/e2e/passions-plates.spec.js:228:3 › la recherche › ⑩ le Studio est en choix UNIQUE, et il écrit dans #postPassion
[1A[2K[12/38] [local] › tests/e2e/passions-plates.spec.js:264:3 › la recherche › ⑩ bis — la bulle du Fil porte le NOM de la passion, jamais « Passion »
[1A[2K[13/38] [local] › tests/e2e/passions-plates.spec.js:293:3 › la recherche › ⑪ la sélection survit à un rechargement
[1A[2K  3) [local] › tests/e2e/passions-plates.spec.js:293:3 › la recherche › ⑪ la sélection survit à un rechargement 

    Error: page.goto: Target page, context or browser has been closed
    Call log:
    [2m  - navigating to "http://127.0.0.1:8110/index.html?passio_preview=flat-passions-v1", waiting until "load"[22m


       at app-helper.js:121

      119 |     }
      120 |   }, [GATE_KEY, GATE_TOKEN, opts.state || onboardedState(nProfiles)]);
    > 121 |   await page.goto("/index.html" + (opts.query || ""));
          |              ^
      122 |   await page.waitForFunction(() => {
      123 |     const el = document.getElementById("screen-feed");
      124 |     return el && el.classList.contains("active");
        at bootOnboarded (/home/user/passio-app/tests/e2e/app-helper.js:121:14)
        at /home/user/passio-app/tests/e2e/passions-plates.spec.js:294:5

    Error Context: test-results/passions-plates-la-recherc-5d2df-on-survit-à-un-rechargement-local/error-context.md


[1A[2K[14/38] [local] › tests/e2e/passions-plates.spec.js:314:3 › la recherche › ⑫ les publications existantes restent visibles
[1A[2K[15/38] [local] › tests/e2e/passions-plates.spec.js:328:3 › le modèle et les garde-fous › ⑬ aucune passion ne crée de profil : une identité, plusieurs passions
[1A[2K[16/38] [local] › tests/e2e/passions-plates.spec.js:345:3 › le modèle et les garde-fous › ⑭ une passion inexistante ouvre une DEMANDE, pas une passion
[1A[2K[17/38] [local] › tests/e2e/passions-plates.spec.js:366:3 › le modèle et les garde-fous › ⑭ bis — un terme qui existe déjà ne crée pas de demande
[1A[2K[18/38] [local] › tests/e2e/passions-plates.spec.js:375:3 › le modèle et les garde-fous › ⑮ publier sous une passion absente du serveur est REFUSÉ, et dit pourquoi
[1A[2K[19/38] [local] › tests/e2e/passions-plates.spec.js:429:3 › le modèle et les garde-fous › ⑯ le client ne peut pas écrire dans le référentiel
[1A[2K[20/38] [local] › tests/e2e/passions-plates.spec.js:442:3 › le modèle et les garde-fous › ⑰ kill switch : le drapeau coupé rend l'écran historique
[1A[2K[21/38] [local] › tests/e2e/passions-plates.spec.js:487:3 › le modèle et les garde-fous › ⑰ bis — sans aperçu, le lot est ACTIF : c'est le défaut depuis le 2026-09-01
[1A[2K[22/38] [local] › tests/e2e/passions-plates.spec.js:522:3 › le modèle et les garde-fous › ⑰ ter — une passion du référentiel s'affiche AVEC SON NOM, sans ouvrir le sélecteur
[1A[2K[23/38] [local] › tests/e2e/passions-plates.spec.js:554:3 › le modèle et les garde-fous › ⑰ quater — un compte qui ne vit que sur le socle ne télécharge RIEN de plus
[1A[2K[24/38] [local] › tests/e2e/passions-plates.spec.js:587:3 › le modèle et les garde-fous › ⑰ quinquies — la passion d'AUTRUI dans le fil déclenche le chargement et s'affiche nommée
[1A[2K  4) [local] › tests/e2e/passions-plates.spec.js:587:3 › le modèle et les garde-fous › ⑰ quinquies — la passion d'AUTRUI dans le fil déclenche le chargement et s'affiche nommée 

    Error: [2mexpect([22m[31mreceived[39m[2m).[22mtoBe[2m([22m[32mexpected[39m[2m) // Object.is equality[22m

    Expected: [32m"Escalade"[39m
    Received: [31m"Passion"[39m

      618 |     );
      619 |     const nom = await page.evaluate(() => passionById("sport-escalade").label);
    > 620 |     expect(nom).toBe("Escalade");
          |                 ^
      621 |     expect(nom).not.toBe("Passion");
      622 |   });
      623 |
        at /home/user/passio-app/tests/e2e/passions-plates.spec.js:620:17

    Error Context: test-results/passions-plates-le-modèle--dd78b-rgement-et-s-affiche-nommée-local/error-context.md


[1A[2K[25/38] [local] › tests/e2e/passions-plates.spec.js:628:3 › le modèle et les garde-fous › ⑰ sexies — le rail du PROFIL est repeint lui aussi, malgré sa signature
[1A[2K  5) [local] › tests/e2e/passions-plates.spec.js:628:3 › le modèle et les garde-fous › ⑰ sexies — le rail du PROFIL est repeint lui aussi, malgré sa signature 

    Error: page.goto: net::ERR_CONNECTION_REFUSED at http://127.0.0.1:8110/index.html
    Call log:
    [2m  - navigating to "http://127.0.0.1:8110/index.html", waiting until "load"[22m


       at app-helper.js:121

      119 |     }
      120 |   }, [GATE_KEY, GATE_TOKEN, opts.state || onboardedState(nProfiles)]);
    > 121 |   await page.goto("/index.html" + (opts.query || ""));
          |              ^
      122 |   await page.waitForFunction(() => {
      123 |     const el = document.getElementById("screen-feed");
      124 |     return el && el.classList.contains("active");
        at bootOnboarded (/home/user/passio-app/tests/e2e/app-helper.js:121:14)
        at /home/user/passio-app/tests/e2e/passions-plates.spec.js:641:5

    Error Context: test-results/passions-plates-le-modèle--d0a99-i-aussi-malgré-sa-signature-local/error-context.md


[1A[2K[26/38] [local] › tests/e2e/passions-plates.spec.js:651:3 › le modèle et les garde-fous › ⑱ le pliage du navigateur est celui du référentiel construit
[1A[2K  6) [local] › tests/e2e/passions-plates.spec.js:651:3 › le modèle et les garde-fous › ⑱ le pliage du navigateur est celui du référentiel construit 

    Error: page.goto: net::ERR_CONNECTION_REFUSED at http://127.0.0.1:8110/index.html?passio_preview=flat-passions-v1
    Call log:
    [2m  - navigating to "http://127.0.0.1:8110/index.html?passio_preview=flat-passions-v1", waiting until "load"[22m


       at app-helper.js:121

      119 |     }
      120 |   }, [GATE_KEY, GATE_TOKEN, opts.state || onboardedState(nProfiles)]);
    > 121 |   await page.goto("/index.html" + (opts.query || ""));
          |              ^
      122 |   await page.waitForFunction(() => {
      123 |     const el = document.getElementById("screen-feed");
      124 |     return el && el.classList.contains("active");
        at bootOnboarded (/home/user/passio-app/tests/e2e/app-helper.js:121:14)
        at /home/user/passio-app/tests/e2e/passions-plates.spec.js:654:5

    Error Context: test-results/passions-plates-le-modèle--f5a21-ui-du-référentiel-construit-local/error-context.md


[1A[2K[27/38] [local] › tests/e2e/passions-plates.spec.js:666:5 › mobile › ⑲ 320 px : la recherche est utilisable, sans débordement
[1A[2K  7) [local] › tests/e2e/passions-plates.spec.js:666:5 › mobile › ⑲ 320 px : la recherche est utilisable, sans débordement 

    Error: page.goto: net::ERR_CONNECTION_REFUSED at http://127.0.0.1:8110/index.html?passio_preview=flat-passions-v1
    Call log:
    [2m  - navigating to "http://127.0.0.1:8110/index.html?passio_preview=flat-passions-v1", waiting until "load"[22m


       at app-helper.js:121

      119 |     }
      120 |   }, [GATE_KEY, GATE_TOKEN, opts.state || onboardedState(nProfiles)]);
    > 121 |   await page.goto("/index.html" + (opts.query || ""));
          |              ^
      122 |   await page.waitForFunction(() => {
      123 |     const el = document.getElementById("screen-feed");
      124 |     return el && el.classList.contains("active");
        at bootOnboarded (/home/user/passio-app/tests/e2e/app-helper.js:121:14)
        at /home/user/passio-app/tests/e2e/passions-plates.spec.js:668:7

    Error Context: test-results/passions-plates-mobile-⑲-3-67b52-utilisable-sans-débordement-local/error-context.md


[1A[2K[28/38] [local] › tests/e2e/passions-plates.spec.js:666:5 › mobile › ⑲ 390 px : la recherche est utilisable, sans débordement
[1A[2K  8) [local] › tests/e2e/passions-plates.spec.js:666:5 › mobile › ⑲ 390 px : la recherche est utilisable, sans débordement 

    Error: page.goto: net::ERR_CONNECTION_REFUSED at http://127.0.0.1:8110/index.html?passio_preview=flat-passions-v1
    Call log:
    [2m  - navigating to "http://127.0.0.1:8110/index.html?passio_preview=flat-passions-v1", waiting until "load"[22m


       at app-helper.js:121

      119 |     }
      120 |   }, [GATE_KEY, GATE_TOKEN, opts.state || onboardedState(nProfiles)]);
    > 121 |   await page.goto("/index.html" + (opts.query || ""));
          |              ^
      122 |   await page.waitForFunction(() => {
      123 |     const el = document.getElementById("screen-feed");
      124 |     return el && el.classList.contains("active");
        at bootOnboarded (/home/user/passio-app/tests/e2e/app-helper.js:121:14)
        at /home/user/passio-app/tests/e2e/passions-plates.spec.js:668:7

    Error Context: test-results/passions-plates-mobile-⑲-3-48778-utilisable-sans-débordement-local/error-context.md


[1A[2K[29/38] [local] › tests/e2e/passions-plates.spec.js:666:5 › mobile › ⑲ 430 px : la recherche est utilisable, sans débordement
[1A[2K  9) [local] › tests/e2e/passions-plates.spec.js:666:5 › mobile › ⑲ 430 px : la recherche est utilisable, sans débordement 

    Error: page.goto: net::ERR_CONNECTION_REFUSED at http://127.0.0.1:8110/index.html?passio_preview=flat-passions-v1
    Call log:
    [2m  - navigating to "http://127.0.0.1:8110/index.html?passio_preview=flat-passions-v1", waiting until "load"[22m


       at app-helper.js:121

      119 |     }
      120 |   }, [GATE_KEY, GATE_TOKEN, opts.state || onboardedState(nProfiles)]);
    > 121 |   await page.goto("/index.html" + (opts.query || ""));
          |              ^
      122 |   await page.waitForFunction(() => {
      123 |     const el = document.getElementById("screen-feed");
      124 |     return el && el.classList.contains("active");
        at bootOnboarded (/home/user/passio-app/tests/e2e/app-helper.js:121:14)
        at /home/user/passio-app/tests/e2e/passions-plates.spec.js:668:7

    Error Context: test-results/passions-plates-mobile-⑲-4-4836c-utilisable-sans-débordement-local/error-context.md


[1A[2K[30/38] [local] › tests/e2e/passions-plates.spec.js:720:3 › l'onboarding sous le lot › ㉖ la grille de 19 tuiles est remplacée par une recherche, et la copie le dit
[1A[2K  10) [local] › tests/e2e/passions-plates.spec.js:720:3 › l'onboarding sous le lot › ㉖ la grille de 19 tuiles est remplacée par une recherche, et la copie le dit 

    Error: page.goto: net::ERR_CONNECTION_REFUSED at http://127.0.0.1:8110/index.html
    Call log:
    [2m  - navigating to "http://127.0.0.1:8110/index.html", waiting until "load"[22m


      724 |       window.PASSIO_ONBOARDING_V2 = true;
      725 |     }, [GATE_KEY, GATE_TOKEN]);
    > 726 |     await page.goto("/index.html");
          |                ^
      727 |     await page.waitForFunction(() => typeof renderPassionGrid === "function", null, { timeout: 20000 });
      728 |     await page.evaluate(() => {
      729 |       window.supaSaveUserState = async () => {};
        at /home/user/passio-app/tests/e2e/passions-plates.spec.js:726:16

    Error Context: test-results/passions-plates-l-onboardi-57d52-echerche-et-la-copie-le-dit-local/error-context.md


[1A[2K[31/38] [local] › tests/e2e/passions-plates.spec.js:796:3 › la porte d'ajout et son plafond › ㉑ la bulle « + » est dans « Gérer mes passions », ni dans le Fil ni dans le rail du Profil
[1A[2K  11) [local] › tests/e2e/passions-plates.spec.js:796:3 › la porte d'ajout et son plafond › ㉑ la bulle « + » est dans « Gérer mes passions », ni dans le Fil ni dans le rail du Profil 

    Error: page.goto: net::ERR_CONNECTION_REFUSED at http://127.0.0.1:8110/index.html?passio_preview=flat-passions-v1
    Call log:
    [2m  - navigating to "http://127.0.0.1:8110/index.html?passio_preview=flat-passions-v1", waiting until "load"[22m


       at app-helper.js:121

      119 |     }
      120 |   }, [GATE_KEY, GATE_TOKEN, opts.state || onboardedState(nProfiles)]);
    > 121 |   await page.goto("/index.html" + (opts.query || ""));
          |              ^
      122 |   await page.waitForFunction(() => {
      123 |     const el = document.getElementById("screen-feed");
      124 |     return el && el.classList.contains("active");
        at bootOnboarded (/home/user/passio-app/tests/e2e/app-helper.js:121:14)
        at /home/user/passio-app/tests/e2e/passions-plates.spec.js:802:5

    Error Context: test-results/passions-plates-la-porte-d-3018d-l-ni-dans-le-rail-du-Profil-local/error-context.md


[1A[2K[32/38] [local] › tests/e2e/passions-plates.spec.js:822:3 › la porte d'ajout et son plafond › ㉒ à trois passions, la porte refuse en disant pourquoi, et l'offre reste annoncée
[1A[2K  12) [local] › tests/e2e/passions-plates.spec.js:822:3 › la porte d'ajout et son plafond › ㉒ à trois passions, la porte refuse en disant pourquoi, et l'offre reste annoncée 

    Error: page.goto: net::ERR_CONNECTION_REFUSED at http://127.0.0.1:8110/index.html?passio_preview=flat-passions-v1
    Call log:
    [2m  - navigating to "http://127.0.0.1:8110/index.html?passio_preview=flat-passions-v1", waiting until "load"[22m


       at app-helper.js:121

      119 |     }
      120 |   }, [GATE_KEY, GATE_TOKEN, opts.state || onboardedState(nProfiles)]);
    > 121 |   await page.goto("/index.html" + (opts.query || ""));
          |              ^
      122 |   await page.waitForFunction(() => {
      123 |     const el = document.getElementById("screen-feed");
      124 |     return el && el.classList.contains("active");
        at bootOnboarded (/home/user/passio-app/tests/e2e/app-helper.js:121:14)
        at /home/user/passio-app/tests/e2e/passions-plates.spec.js:823:5

    Error Context: test-results/passions-plates-la-porte-d-16efd-i-et-l-offre-reste-annoncée-local/error-context.md


[1A[2K[33/38] [local] › tests/e2e/passions-plates.spec.js:883:3 › la porte d'ajout et son plafond › ㉒ bis — le plafond tient au POINT D'ÉCRITURE, pas seulement à la porte
[1A[2K  13) [local] › tests/e2e/passions-plates.spec.js:883:3 › la porte d'ajout et son plafond › ㉒ bis — le plafond tient au POINT D'ÉCRITURE, pas seulement à la porte 

    Error: page.goto: net::ERR_CONNECTION_REFUSED at http://127.0.0.1:8110/index.html?passio_preview=flat-passions-v1
    Call log:
    [2m  - navigating to "http://127.0.0.1:8110/index.html?passio_preview=flat-passions-v1", waiting until "load"[22m


       at app-helper.js:121

      119 |     }
      120 |   }, [GATE_KEY, GATE_TOKEN, opts.state || onboardedState(nProfiles)]);
    > 121 |   await page.goto("/index.html" + (opts.query || ""));
          |              ^
      122 |   await page.waitForFunction(() => {
      123 |     const el = document.getElementById("screen-feed");
      124 |     return el && el.classList.contains("active");
        at bootOnboarded (/home/user/passio-app/tests/e2e/app-helper.js:121:14)
        at /home/user/passio-app/tests/e2e/passions-plates.spec.js:886:5

    Error Context: test-results/passions-plates-la-porte-d-766ec-RE-pas-seulement-à-la-porte-local/error-context.md


[1A[2K[34/38] [local] › tests/e2e/passions-plates.spec.js:900:3 › la porte d'ajout et son plafond › ㉓ archiver libère une place, et restaurer reste gratuit sous le plafond
[1A[2K  14) [local] › tests/e2e/passions-plates.spec.js:900:3 › la porte d'ajout et son plafond › ㉓ archiver libère une place, et restaurer reste gratuit sous le plafond 

    Error: page.goto: net::ERR_CONNECTION_REFUSED at http://127.0.0.1:8110/index.html?passio_preview=flat-passions-v1
    Call log:
    [2m  - navigating to "http://127.0.0.1:8110/index.html?passio_preview=flat-passions-v1", waiting until "load"[22m


       at app-helper.js:121

      119 |     }
      120 |   }, [GATE_KEY, GATE_TOKEN, opts.state || onboardedState(nProfiles)]);
    > 121 |   await page.goto("/index.html" + (opts.query || ""));
          |              ^
      122 |   await page.waitForFunction(() => {
      123 |     const el = document.getElementById("screen-feed");
      124 |     return el && el.classList.contains("active");
        at bootOnboarded (/home/user/passio-app/tests/e2e/app-helper.js:121:14)
        at /home/user/passio-app/tests/e2e/passions-plates.spec.js:905:5

    Error Context: test-results/passions-plates-la-porte-d-76ade-ste-gratuit-sous-le-plafond-local/error-context.md


[1A[2K[35/38] [local] › tests/e2e/passions-plates.spec.js:926:3 › la porte d'ajout et son plafond › ㉓ bis — restaurer une QUATRIÈME passion vivante est barré
[1A[2K  15) [local] › tests/e2e/passions-plates.spec.js:926:3 › la porte d'ajout et son plafond › ㉓ bis — restaurer une QUATRIÈME passion vivante est barré 

    Error: page.goto: net::ERR_CONNECTION_REFUSED at http://127.0.0.1:8110/index.html?passio_preview=flat-passions-v1
    Call log:
    [2m  - navigating to "http://127.0.0.1:8110/index.html?passio_preview=flat-passions-v1", waiting until "load"[22m


       at app-helper.js:121

      119 |     }
      120 |   }, [GATE_KEY, GATE_TOKEN, opts.state || onboardedState(nProfiles)]);
    > 121 |   await page.goto("/index.html" + (opts.query || ""));
          |              ^
      122 |   await page.waitForFunction(() => {
      123 |     const el = document.getElementById("screen-feed");
      124 |     return el && el.classList.contains("active");
        at bootOnboarded (/home/user/passio-app/tests/e2e/app-helper.js:121:14)
        at /home/user/passio-app/tests/e2e/passions-plates.spec.js:927:5

    Error Context: test-results/passions-plates-la-porte-d-bc40c-E-passion-vivante-est-barré-local/error-context.md


[1A[2K[36/38] [local] › tests/e2e/passions-plates.spec.js:947:3 › la porte d'ajout et son plafond › ㉓ ter — depuis la PORTE réelle, reprendre une passion archivée est gratuit
[1A[2K  16) [local] › tests/e2e/passions-plates.spec.js:947:3 › la porte d'ajout et son plafond › ㉓ ter — depuis la PORTE réelle, reprendre une passion archivée est gratuit 

    Error: page.goto: net::ERR_CONNECTION_REFUSED at http://127.0.0.1:8110/index.html?passio_preview=flat-passions-v1
    Call log:
    [2m  - navigating to "http://127.0.0.1:8110/index.html?passio_preview=flat-passions-v1", waiting until "load"[22m


       at app-helper.js:121

      119 |     }
      120 |   }, [GATE_KEY, GATE_TOKEN, opts.state || onboardedState(nProfiles)]);
    > 121 |   await page.goto("/index.html" + (opts.query || ""));
          |              ^
      122 |   await page.waitForFunction(() => {
      123 |     const el = document.getElementById("screen-feed");
      124 |     return el && el.classList.contains("active");
        at bootOnboarded (/home/user/passio-app/tests/e2e/app-helper.js:121:14)
        at /home/user/passio-app/tests/e2e/passions-plates.spec.js:959:5

    Error Context: test-results/passions-plates-la-porte-d-4f815-assion-archivée-est-gratuit-local/error-context.md


[1A[2K[37/38] [local] › tests/e2e/passions-plates.spec.js:990:3 › la porte d'ajout et son plafond › ㉔ kill switch : drapeau coupé, aucun plafond
[1A[2K  17) [local] › tests/e2e/passions-plates.spec.js:990:3 › la porte d'ajout et son plafond › ㉔ kill switch : drapeau coupé, aucun plafond 

    Error: page.goto: net::ERR_CONNECTION_REFUSED at http://127.0.0.1:8110/index.html?passio_preview=flat-passions-v1
    Call log:
    [2m  - navigating to "http://127.0.0.1:8110/index.html?passio_preview=flat-passions-v1", waiting until "load"[22m


       at app-helper.js:121

      119 |     }
      120 |   }, [GATE_KEY, GATE_TOKEN, opts.state || onboardedState(nProfiles)]);
    > 121 |   await page.goto("/index.html" + (opts.query || ""));
          |              ^
      122 |   await page.waitForFunction(() => {
      123 |     const el = document.getElementById("screen-feed");
      124 |     return el && el.classList.contains("active");
        at bootOnboarded (/home/user/passio-app/tests/e2e/app-helper.js:121:14)
        at /home/user/passio-app/tests/e2e/passions-plates.spec.js:994:5

    Error Context: test-results/passions-plates-la-porte-d-7d838-drapeau-coupé-aucun-plafond-local/error-context.md


[1A[2K[38/38] [local] › tests/e2e/passions-plates.spec.js:1008:3 › la porte d'ajout et son plafond › ㉕ à deux passions, la recherche s'ouvre et ne laisse en prendre qu'une
[1A[2K  18) [local] › tests/e2e/passions-plates.spec.js:1008:3 › la porte d'ajout et son plafond › ㉕ à deux passions, la recherche s'ouvre et ne laisse en prendre qu'une 

    Error: page.goto: net::ERR_CONNECTION_REFUSED at http://127.0.0.1:8110/index.html?passio_preview=flat-passions-v1
    Call log:
    [2m  - navigating to "http://127.0.0.1:8110/index.html?passio_preview=flat-passions-v1", waiting until "load"[22m


       at app-helper.js:121

      119 |     }
      120 |   }, [GATE_KEY, GATE_TOKEN, opts.state || onboardedState(nProfiles)]);
    > 121 |   await page.goto("/index.html" + (opts.query || ""));
          |              ^
      122 |   await page.waitForFunction(() => {
      123 |     const el = document.getElementById("screen-feed");
      124 |     return el && el.classList.contains("active");
        at bootOnboarded (/home/user/passio-app/tests/e2e/app-helper.js:121:14)
        at /home/user/passio-app/tests/e2e/passions-plates.spec.js:1009:5

    Error Context: test-results/passions-plates-la-porte-d-d577d-ne-laisse-en-prendre-qu-une-local/error-context.md


[1A[2K  18 failed
    [local] › tests/e2e/passions-plates.spec.js:181:3 › la recherche › ⑦ les résultats sont plafonnés, et une frappe absurde ne rend rien 
    [local] › tests/e2e/passions-plates.spec.js:192:3 › la recherche › ⑧ « Enduro » se choisit SANS passer par « Moto » 
    [local] › tests/e2e/passions-plates.spec.js:293:3 › la recherche › ⑪ la sélection survit à un rechargement 
    [local] › tests/e2e/passions-plates.spec.js:587:3 › le modèle et les garde-fous › ⑰ quinquies — la passion d'AUTRUI dans le fil déclenche le chargement et s'affiche nommée 
    [local] › tests/e2e/passions-plates.spec.js:628:3 › le modèle et les garde-fous › ⑰ sexies — le rail du PROFIL est repeint lui aussi, malgré sa signature 
    [local] › tests/e2e/passions-plates.spec.js:651:3 › le modèle et les garde-fous › ⑱ le pliage du navigateur est celui du référentiel construit 
    [local] › tests/e2e/passions-plates.spec.js:666:5 › mobile › ⑲ 320 px : la recherche est utilisable, sans débordement 
    [local] › tests/e2e/passions-plates.spec.js:666:5 › mobile › ⑲ 390 px : la recherche est utilisable, sans débordement 
    [local] › tests/e2e/passions-plates.spec.js:666:5 › mobile › ⑲ 430 px : la recherche est utilisable, sans débordement 
    [local] › tests/e2e/passions-plates.spec.js:720:3 › l'onboarding sous le lot › ㉖ la grille de 19 tuiles est remplacée par une recherche, et la copie le dit 
    [local] › tests/e2e/passions-plates.spec.js:796:3 › la porte d'ajout et son plafond › ㉑ la bulle « + » est dans « Gérer mes passions », ni dans le Fil ni dans le rail du Profil 
    [local] › tests/e2e/passions-plates.spec.js:822:3 › la porte d'ajout et son plafond › ㉒ à trois passions, la porte refuse en disant pourquoi, et l'offre reste annoncée 
    [local] › tests/e2e/passions-plates.spec.js:883:3 › la porte d'ajout et son plafond › ㉒ bis — le plafond tient au POINT D'ÉCRITURE, pas seulement à la porte 
    [local] › tests/e2e/passions-plates.spec.js:900:3 › la porte d'ajout et son plafond › ㉓ archiver libère une place, et restaurer reste gratuit sous le plafond 
    [local] › tests/e2e/passions-plates.spec.js:926:3 › la porte d'ajout et son plafond › ㉓ bis — restaurer une QUATRIÈME passion vivante est barré 
    [local] › tests/e2e/passions-plates.spec.js:947:3 › la porte d'ajout et son plafond › ㉓ ter — depuis la PORTE réelle, reprendre une passion archivée est gratuit 
    [local] › tests/e2e/passions-plates.spec.js:990:3 › la porte d'ajout et son plafond › ㉔ kill switch : drapeau coupé, aucun plafond 
    [local] › tests/e2e/passions-plates.spec.js:1008:3 › la porte d'ajout et son plafond › ㉕ à deux passions, la recherche s'ouvre et ne laisse en prendre qu'une 
  20 passed (6.1m)
EXIT=1
